// Jest Snapshot v1, https://goo.gl/fbAQLP

exports[`Testing app renders correctly 1`] = `
<div
  className="app"
>
  <main>
    <div
      className="grid-container"
    >
      <div
        className="tabs-bar"
      >
        <div
          className="tabdisplay"
        >
          <div
            className="tabchoice"
          >
            <button
              className="combination"
              id="combination1"
              onClick={[Function]}
              value={1}
            >
              Kombinasjon 
              1
            </button>
          </div>
          <div
            className="tabchoice"
          >
            <button
              className="combination"
              id="combination2"
              onClick={[Function]}
              value={2}
            >
              Kombinasjon 
              2
            </button>
          </div>
          <div
            className="tabchoice"
          >
            <button
              className="combination"
              id="combination3"
              onClick={[Function]}
              value={3}
            >
              Kombinasjon 
              3
            </button>
          </div>
          <div
            className="tabchoice"
          >
            <button
              className="combination"
              id="combination4"
              onClick={[Function]}
              value={4}
            >
              Kombinasjon 
              4
            </button>
          </div>
        </div>
      </div>
      <div
        className="maindisp"
      >
        <div
          className="welcomemsg"
        >
          <h2>
            Velkommen!
          </h2>
          <p>
            Vennligst velg tre kategorier per medietype i vindu til høyre og trykk på en tab for å lage en kombinasjon.
          </p>
        </div>
      </div>
      <div
        className="sidebar-category"
      >
        <div
          className="sidebar"
        >
          <div
            className="undo-redo-buttons"
          >
            <button
              className="btn undefined"
              disabled={true}
              id="undo"
              onClick={[Function]}
            >
              <div
                className="inner-btn-container"
              >
                <i
                  className="material-icons"
                >
                  undo
                </i>
                <span>
                  Angre
                </span>
              </div>
            </button>
            <button
              className="btn undefined"
              disabled={true}
              id="redo"
              onClick={[Function]}
            >
              <div
                className="inner-btn-container"
              >
                <i
                  className="material-icons"
                >
                  redo
                </i>
                <span>
                  Gjenta
                </span>
              </div>
            </button>
          </div>
          <h3>
            Kategorier
          </h3>
          <div
            className="choice-form"
          >
            <h3>
              Lyd
            </h3>
            <form>
              <label>
                <input
                  checked={true}
                  name="category"
                  onChange={[Function]}
                  type="radio"
                  value="Naturen"
                />
                Naturen
              </label>
              <label>
                <input
                  checked={false}
                  name="category"
                  onChange={[Function]}
                  type="radio"
                  value="Piano"
                />
                Piano
              </label>
              <label>
                <input
                  checked={false}
                  name="category"
                  onChange={[Function]}
                  type="radio"
                  value="By liv"
                />
                By liv
              </label>
            </form>
          </div>
          <div
            className="choice-form"
          >
            <h3>
              Tekst
            </h3>
            <form>
              <label>
                <input
                  checked={true}
                  name="category"
                  onChange={[Function]}
                  type="radio"
                  value="Emosjoner"
                />
                Emosjoner
              </label>
              <label>
                <input
                  checked={false}
                  name="category"
                  onChange={[Function]}
                  type="radio"
                  value="Farger"
                />
                Farger
              </label>
              <label>
                <input
                  checked={false}
                  name="category"
                  onChange={[Function]}
                  type="radio"
                  value="Dyr"
                />
                Dyr
              </label>
            </form>
          </div>
          <div
            className="choice-form"
          >
            <h3>
              Bilder
            </h3>
            <form>
              <label>
                <input
                  checked={true}
                  name="category"
                  onChange={[Function]}
                  type="radio"
                  value="Dyr"
                />
                Dyr
              </label>
              <label>
                <input
                  checked={false}
                  name="category"
                  onChange={[Function]}
                  type="radio"
                  value="Biler"
                />
                Biler
              </label>
              <label>
                <input
                  checked={false}
                  name="category"
                  onChange={[Function]}
                  type="radio"
                  value="Utenomjordisk"
                />
                Utenomjordisk
              </label>
            </form>
          </div>
        </div>
      </div>
      <div
        className="favorite"
      >
        <div>
          <div
            className="favorite-buttons"
          >
            <button
              className="btn favorite-get"
              disabled={true}
              onClick={[Function]}
            >
              <div
                className="inner-btn-container"
              >
                <i
                  className="material-icons"
                />
                <span>
                  Hent kombinasjon
                </span>
              </div>
            </button>
            <button
              className="btn favorite-set"
              disabled={true}
              onClick={[Function]}
            >
              <div
                className="inner-btn-container"
              >
                <i
                  className="material-icons"
                />
                <span>
                  Lagre kombinasjon
                </span>
              </div>
            </button>
          </div>
        </div>
      </div>
    </div>
  </main>
</div>
`;
