// Jest Snapshot v1, https://goo.gl/fbAQLP

exports[`renders correctly  1`] = `
<div
  className="sidebar"
>
  <h3>
    Kategorier
  </h3>
  <div
    className="choice-form"
  >
    <h3>
      Sound
    </h3>
    <form>
      <label>
        <input
          checked={true}
          name="category"
          onChange={[Function]}
          type="radio"
          value="Nature"
        />
        Nature
      </label>
      <label>
        <input
          checked={false}
          name="category"
          onChange={[Function]}
          type="radio"
          value="Piano"
        />
        Piano
      </label>
      <label>
        <input
          checked={false}
          name="category"
          onChange={[Function]}
          type="radio"
          value="City Life"
        />
        City Life
      </label>
    </form>
  </div>
  <div
    className="choice-form"
  >
    <h3>
      Tekst
    </h3>
    <form>
      <label>
        <input
          checked={true}
          name="category"
          onChange={[Function]}
          type="radio"
          value="Emosjoner"
        />
        Emosjoner
      </label>
      <label>
        <input
          checked={false}
          name="category"
          onChange={[Function]}
          type="radio"
          value="Farger"
        />
        Farger
      </label>
      <label>
        <input
          checked={false}
          name="category"
          onChange={[Function]}
          type="radio"
          value="Dyr"
        />
        Dyr
      </label>
    </form>
  </div>
  <div
    className="choice-form"
  >
    <h3>
      Bilder
    </h3>
    <form>
      <label>
        <input
          checked={true}
          name="category"
          onChange={[Function]}
          type="radio"
          value="Animals"
        />
        Animals
      </label>
      <label>
        <input
          checked={false}
          name="category"
          onChange={[Function]}
          type="radio"
          value="Cats"
        />
        Cats
      </label>
      <label>
        <input
          checked={false}
          name="category"
          onChange={[Function]}
          type="radio"
          value="Rats"
        />
        Rats
      </label>
    </form>
  </div>
</div>
`;
